// Jest Snapshot v1, https://goo.gl/fbAQLP

exports[`Navigation Snapshot 1`] = `
<div>
  <div
    className="container-fluid"
  >
    <nav>
      <ul
        className=""
      >
        <li>
          <a
            aria-current="page"
            className="active"
            href="/"
            onClick={[Function]}
            style={Object {}}
          >
            <span>
              Хронист
            </span>
          </a>
        </li>
        <li>
          <a
            href="https://chronmaps.com/"
          >
            <span>
              Карта
            </span>
          </a>
        </li>
        <li>
          <a
            onClick={[Function]}
          >
            EN
          </a>
        </li>
        <li>
          <a
            aria-current={null}
            href="/blog"
            onClick={[Function]}
          >
            <span>
              Блог
            </span>
          </a>
        </li>
        <li>
          <a
            href="https://vk.com/chronist"
          >
             VK 
          </a>
        </li>
        <li>
          <a
            aria-current={null}
            href="/faq"
            onClick={[Function]}
          >
            FAQ
          </a>
        </li>
      </ul>
      <button
        className="icon"
        onClick={[Function]}
      >
        <i
          className="fa icon-menu"
        />
      </button>
    </nav>
  </div>
</div>
`;
