// Jest Snapshot v1, https://goo.gl/fbAQLP

exports[`Footer Snapshot 1`] = `
<footer
  className="layer-4"
>
  <div
    className="page--content"
  >
    <p>
      <a
        href="/privacy"
        onClick={[Function]}
      >
        <span>
          Политика конфиденциальности
        </span>
      </a>
    </p>
    <p>
      <a
        href="/legal"
        onClick={[Function]}
      >
        <span>
           Правила пользования сервисом
        </span>
      </a>
    </p>
    <p
      className="social"
    >
      <a
        href="/contact"
        onClick={[Function]}
      >
        <span>
          Свяжитесь с нами
        </span>
      </a>
    </p>
    <p
      className="social"
    >
      <a
        href="/license"
        onClick={[Function]}
      >
        <span>
          Лицензия
        </span>
      </a>
    </p>
    <p>
      <button
        className="locale--toggle active"
        onClick={[Function]}
      >
        English
      </button>
       | 
      <button
        className="locale--toggle "
        onClick={[Function]}
      >
        Русский
      </button>
    </p>
  </div>
</footer>
`;
