// Jest Snapshot v1, https://goo.gl/fbAQLP

exports[`Title Snapshot 1`] = `
<div
  id="title"
>
  <div
    className="text-center"
  >
    <img
      alt="Chronist logo"
      draggable="false"
      src="test-file-stub"
    />
    <h4>
      <span>
        Мы хотим понимать как устроен мир. Находить причинно-следственные связи между событиями. Иметь возможность заглянуть в историю на своих условиях, без толстых пыльных учебников и хрупких карт за стёклами музеев. Мы объединили исторические карты с последовательностью событий и добавили немного интерактивности.
      </span>
    </h4>
  </div>
</div>
`;
